// Jest Snapshot v1, https://goo.gl/fbAQLP

exports[`expect to render HowToUse component 1`] = `ShallowWrapper {}`;
