// Jest Snapshot v1, https://goo.gl/fbAQLP

exports[`expect to render Landing component 1`] = `ShallowWrapper {}`;
